<?xml version="1.0" encoding="UTF-8"?>
<testsuites tests="22" failures="0" disabled="0" errors="0" time="0.014" timestamp="2025-07-30T22:18:13.097" name="AllTests">
  <testsuite name="ChineseChessSteps" tests="22" failures="0" disabled="0" skipped="0" errors="0" time="0.014" timestamp="2025-07-30T22:18:13.097">
    <testcase name="RedMovesGeneralWithinPalaceLegal" file="C:/Users/aloha/Documents/GitHub/AI-x-BDD-Chinese-Chess/features/step_definitions/chinese_chess_steps.cpp" line="123" status="run" result="completed" time="0." timestamp="2025-07-30T22:18:13.097" classname="ChineseChessSteps" />
    <testcase name="RedMovesGeneralOutsidePalaceIllegal" file="C:/Users/aloha/Documents/GitHub/AI-x-BDD-Chinese-Chess/features/step_definitions/chinese_chess_steps.cpp" line="135" status="run" result="completed" time="0." timestamp="2025-07-30T22:18:13.098" classname="ChineseChessSteps" />
    <testcase name="GeneralsFaceEachOtherIllegal" file="C:/Users/aloha/Documents/GitHub/AI-x-BDD-Chinese-Chess/features/step_definitions/chinese_chess_steps.cpp" line="147" status="run" result="completed" time="0." timestamp="2025-07-30T22:18:13.098" classname="ChineseChessSteps" />
    <testcase name="RedMovesGuardDiagonallyInPalaceLegal" file="C:/Users/aloha/Documents/GitHub/AI-x-BDD-Chinese-Chess/features/step_definitions/chinese_chess_steps.cpp" line="162" status="run" result="completed" time="0." timestamp="2025-07-30T22:18:13.099" classname="ChineseChessSteps" />
    <testcase name="RedMovesGuardStraightIllegal" file="C:/Users/aloha/Documents/GitHub/AI-x-BDD-Chinese-Chess/features/step_definitions/chinese_chess_steps.cpp" line="174" status="run" result="completed" time="0." timestamp="2025-07-30T22:18:13.100" classname="ChineseChessSteps" />
    <testcase name="RedMovesRookAlongClearRankLegal" file="C:/Users/aloha/Documents/GitHub/AI-x-BDD-Chinese-Chess/features/step_definitions/chinese_chess_steps.cpp" line="186" status="run" result="completed" time="0." timestamp="2025-07-30T22:18:13.100" classname="ChineseChessSteps" />
    <testcase name="RedMovesRookJumpOverPieceIllegal" file="C:/Users/aloha/Documents/GitHub/AI-x-BDD-Chinese-Chess/features/step_definitions/chinese_chess_steps.cpp" line="198" status="run" result="completed" time="0." timestamp="2025-07-30T22:18:13.101" classname="ChineseChessSteps" />
    <testcase name="RedMovesHorseLShapeNoBlockLegal" file="C:/Users/aloha/Documents/GitHub/AI-x-BDD-Chinese-Chess/features/step_definitions/chinese_chess_steps.cpp" line="213" status="run" result="completed" time="0." timestamp="2025-07-30T22:18:13.101" classname="ChineseChessSteps" />
    <testcase name="RedMovesHorseBlockedByAdjacentPieceIllegal" file="C:/Users/aloha/Documents/GitHub/AI-x-BDD-Chinese-Chess/features/step_definitions/chinese_chess_steps.cpp" line="225" status="run" result="completed" time="0." timestamp="2025-07-30T22:18:13.102" classname="ChineseChessSteps" />
    <testcase name="RedMovesCannonLikeRookEmptyPathLegal" file="C:/Users/aloha/Documents/GitHub/AI-x-BDD-Chinese-Chess/features/step_definitions/chinese_chess_steps.cpp" line="240" status="run" result="completed" time="0." timestamp="2025-07-30T22:18:13.103" classname="ChineseChessSteps" />
    <testcase name="RedMovesCannonJumpOneScreenCaptureLegal" file="C:/Users/aloha/Documents/GitHub/AI-x-BDD-Chinese-Chess/features/step_definitions/chinese_chess_steps.cpp" line="252" status="run" result="completed" time="0." timestamp="2025-07-30T22:18:13.103" classname="ChineseChessSteps" />
    <testcase name="RedMovesCannonJumpZeroScreensIllegal" file="C:/Users/aloha/Documents/GitHub/AI-x-BDD-Chinese-Chess/features/step_definitions/chinese_chess_steps.cpp" line="268" status="run" result="completed" time="0." timestamp="2025-07-30T22:18:13.104" classname="ChineseChessSteps" />
    <testcase name="RedMovesCannonJumpMoreThanOneScreenIllegal" file="C:/Users/aloha/Documents/GitHub/AI-x-BDD-Chinese-Chess/features/step_definitions/chinese_chess_steps.cpp" line="283" status="run" result="completed" time="0.001" timestamp="2025-07-30T22:18:13.105" classname="ChineseChessSteps" />
    <testcase name="RedMovesElephantTwoStepDiagonalClearMidpointLegal" file="C:/Users/aloha/Documents/GitHub/AI-x-BDD-Chinese-Chess/features/step_definitions/chinese_chess_steps.cpp" line="300" status="run" result="completed" time="0." timestamp="2025-07-30T22:18:13.106" classname="ChineseChessSteps" />
    <testcase name="RedMovesElephantCrossRiverIllegal" file="C:/Users/aloha/Documents/GitHub/AI-x-BDD-Chinese-Chess/features/step_definitions/chinese_chess_steps.cpp" line="312" status="run" result="completed" time="0." timestamp="2025-07-30T22:18:13.107" classname="ChineseChessSteps" />
    <testcase name="RedMovesElephantMidpointBlockedIllegal" file="C:/Users/aloha/Documents/GitHub/AI-x-BDD-Chinese-Chess/features/step_definitions/chinese_chess_steps.cpp" line="324" status="run" result="completed" time="0." timestamp="2025-07-30T22:18:13.107" classname="ChineseChessSteps" />
    <testcase name="RedMovesSoldierForwardBeforeCrossingRiverLegal" file="C:/Users/aloha/Documents/GitHub/AI-x-BDD-Chinese-Chess/features/step_definitions/chinese_chess_steps.cpp" line="339" status="run" result="completed" time="0." timestamp="2025-07-30T22:18:13.108" classname="ChineseChessSteps" />
    <testcase name="RedMovesSoldierSidewaysBeforeCrossingIllegal" file="C:/Users/aloha/Documents/GitHub/AI-x-BDD-Chinese-Chess/features/step_definitions/chinese_chess_steps.cpp" line="351" status="run" result="completed" time="0." timestamp="2025-07-30T22:18:13.109" classname="ChineseChessSteps" />
    <testcase name="RedMovesSoldierSidewaysAfterCrossingRiverLegal" file="C:/Users/aloha/Documents/GitHub/AI-x-BDD-Chinese-Chess/features/step_definitions/chinese_chess_steps.cpp" line="363" status="run" result="completed" time="0." timestamp="2025-07-30T22:18:13.109" classname="ChineseChessSteps" />
    <testcase name="RedMovesSoldierBackwardAfterCrossingIllegal" file="C:/Users/aloha/Documents/GitHub/AI-x-BDD-Chinese-Chess/features/step_definitions/chinese_chess_steps.cpp" line="375" status="run" result="completed" time="0." timestamp="2025-07-30T22:18:13.110" classname="ChineseChessSteps" />
    <testcase name="RedCapturesOpponentGeneralWinsImmediately" file="C:/Users/aloha/Documents/GitHub/AI-x-BDD-Chinese-Chess/features/step_definitions/chinese_chess_steps.cpp" line="387" status="run" result="completed" time="0." timestamp="2025-07-30T22:18:13.111" classname="ChineseChessSteps" />
    <testcase name="RedCapturesNonGeneralPieceGameContinues" file="C:/Users/aloha/Documents/GitHub/AI-x-BDD-Chinese-Chess/features/step_definitions/chinese_chess_steps.cpp" line="400" status="run" result="completed" time="0." timestamp="2025-07-30T22:18:13.111" classname="ChineseChessSteps" />
  </testsuite>
</testsuites>
